// Jest Snapshot v1, https://goo.gl/fbAQLP

exports[`<Highlights> matches snapshot 1`] = `
<div
  className="price-block"
>
  <div
    className="row"
  >
    <div
      className="standard-deviation-block"
    >
      <h5
        className="standard-deviation-title"
      >
        Std deviation -1
      </h5>
      <h5
        className="sd-highlight"
      >
        $
        1
      </h5>
    <div
      className="avg-price-block"
    >
      <h5
        className="avg-price-title"
      >
        Average price
      </h5>
      <h5
        className="avg-price-highlight"
      >
        $
        2
      </h5>
    </div>
    </div>
    <div
      className="medianblock standard-deviation-block"
    >
      <h5
        className="standard-deviation-title"
      >
        Median Price
      </h5>
      <h5
        className="sd-highlight"
      >
        $
        3
      </h5>
    </div>  
    <div
      className="standard-deviation-block"
    >
      <h5
        className="standard-deviation-title"
      >
        Std deviation +1
      </h5>
      <h5
        className="sd-highlight"
      >
        $
        4
      </h5>
    </div>
  </div>
</div>
`;
